<html>
<body>
<pre>
<h1>µVision Build Log</h1>
<h2>Tool Versions:</h2>
IDE-Version: ¦ÌVision V5.42.0.0
Copyright (C) 2025 ARM Ltd and ARM Germany GmbH. All rights reserved.
License Information: A Administrator, A, LIC=FYKYW-QI3BD-DY6V3-AGUEA-YVSY8-RL1FN
 
Tool Versions:
Toolchain:       MDK-ARM Plus  Version: 5.42.0.0
Toolchain Path:  C:\Keil_v5\ARM\ARMCC\Bin
C Compiler:      Armcc.exe V5.06 update 5 (build 528)
Assembler:       Armasm.exe V5.06 update 5 (build 528)
Linker/Locator:  ArmLink.exe V5.06 update 5 (build 528)
Library Manager: ArmAr.exe V5.06 update 5 (build 528)
Hex Converter:   FromElf.exe V5.06 update 5 (build 528)
CPU DLL:         SARMCM3.DLL V5.42.0.0
Dialog DLL:      DCM.DLL V1.17.5.0
Target DLL:      STLink\ST-LINKIII-KEIL_SWO.dll V3.3.0.0
Dialog DLL:      TCM.DLL V1.56.6.0
 
<h2>Project:</h2>
D:\STM32\Test\MX\Table Clock\MDK-ARM\Table Clock.uvprojx
Project File Date:  09/17/2025

<h2>Output:</h2>
*** Using Compiler 'V5.06 update 5 (build 528)', folder: 'C:\Keil_v5\ARM\ARMCC\Bin'
Build target 'Table Clock'
compiling stm32f1xx_it.c...
compiling input.c...
compiling page_language.c...
compiling app_settings.c...
compiling app_display.c...
..\App\app_display.c(244): warning:  #1-D: last line of file ends without a newline
   */
..\App\app_display.c: 1 warning, 0 errors
compiling page_time_date.c...
..\App\UI_pages\page_time_date.c(230): warning:  #223-D: function "pow" declared implicitly
      p = p < 0.5 ? 2 * p * p : 1 - pow(-2 * p + 2, 2) / 2;
..\App\UI_pages\page_time_date.c(393): warning:  #1182-D: a declaration cannot have a label
              Time_t now; 
..\App\UI_pages\page_time_date.c(409): warning:  #1-D: last line of file ends without a newline
  }
..\App\UI_pages\page_time_date.c(148): warning:  #177-D: function "Page_Exit"  was declared but never referenced
  static void Page_Exit(Page_Base* page) {
..\App\UI_pages\page_time_date.c: 4 warnings, 0 errors
compiling page_time_dst.c...
..\App\UI_pages\page_time_dst.c(228): warning:  #1-D: last line of file ends without a newline
  }
..\App\UI_pages\page_time_dst.c: 1 warning, 0 errors
compiling page_time_set.c...
..\App\UI_pages\page_time_set.c(194): warning:  #1-D: last line of file ends without a newline
  }
..\App\UI_pages\page_time_set.c: 1 warning, 0 errors
compiling app_main.c...
..\App\app_main.c(119): warning:  #1-D: last line of file ends without a newline
  }
..\App\app_main.c: 1 warning, 0 errors
compiling page_info.c...
..\App\UI_pages\page_info.c(87): warning:  #1-D: last line of file ends without a newline
  }
..\App\UI_pages\page_info.c: 1 warning, 0 errors
compiling page_display.c...
..\App\UI_pages\page_display.c(209): warning:  #1-D: last line of file ends without a newline
  }
..\App\UI_pages\page_display.c: 1 warning, 0 errors
compiling page_main_menu.c...
..\App\UI_pages\page_main_menu.c(191): warning:  #1-D: last line of file ends without a newline
  }
..\App\UI_pages\page_main_menu.c: 1 warning, 0 errors
compiling page_auto_off.c...
..\App\UI_pages\page_auto_off.c(276): warning:  #188-D: enumerated type mixed with another type
              g_app_settings.auto_off = data->selected_index;
..\App\UI_pages\page_auto_off.c: 1 warning, 0 errors
compiling main.c...
compiling page_main.c...
..\App\UI_pages\page_main.c(188): warning:  #1-D: last line of file ends without a newline
  }
..\App\UI_pages\page_main.c: 1 warning, 0 errors
compiling page_time_time.c...
..\App\UI_pages\page_time_time.c(174): warning:  #223-D: function "pow" declared implicitly
      p = p < 0.5 ? 2 * p * p : 1 - pow(-2 * p + 2, 2) / 2;
..\App\UI_pages\page_time_time.c(312): warning:  #1182-D: a declaration cannot have a label
              Time_t now;
..\App\UI_pages\page_time_time.c(328): warning:  #1-D: last line of file ends without a newline
  }
..\App\UI_pages\page_time_time.c: 3 warnings, 0 errors
linking...
Program Size: Code=32060 RO-data=14908 RW-data=536 ZI-data=3344  
FromELF: creating hex file...
"Table Clock\Table Clock.axf" - 0 Error(s), 16 Warning(s).

<h2>Software Packages used:</h2>

Package Vendor: ARM
                https://www.keil.com/pack/ARM.CMSIS.6.2.0.pack
                ARM::CMSIS@6.2.0
                CMSIS (Common Microcontroller Software Interface Standard)
   * Component: CORE Version: 6.1.1

Package Vendor: Keil
                http://www.keil.com/pack/Keil.STM32F1xx_DFP.2.2.0.pack
                Keil::STM32F1xx_DFP@2.2.0
                STMicroelectronics STM32F1 Series Device Support, Drivers and Examples

<h2>Collection of Component include folders:</h2>
  ./RTE/_Table_Clock
  C:/Keil_v5/ARM/PACK/ARM/CMSIS/6.2.0/CMSIS/Core/Include
  C:/Keil_v5/ARM/PACK/Keil/STM32F1xx_DFP/2.2.0/Device/Include

<h2>Collection of Component Files used:</h2>

   * Component: ARM::CMSIS:CORE@6.1.1
      Include file:  CMSIS/Core/Include/tz_context.h
Build Time Elapsed:  00:00:06
</pre>
</body>
</html>
