<html>
<body>
<pre>
<h1>µVision Build Log</h1>
<h2>Tool Versions:</h2>
IDE-Version: ¦ÌVision V5.42.0.0
Copyright (C) 2025 ARM Ltd and ARM Germany GmbH. All rights reserved.
License Information: A Administrator, A, LIC=FYKYW-QI3BD-DY6V3-AGUEA-YVSY8-RL1FN
 
Tool Versions:
Toolchain:       MDK-ARM Plus  Version: 5.42.0.0
Toolchain Path:  C:\Keil_v5\ARM\ARMCC\Bin
C Compiler:      Armcc.exe V5.06 update 5 (build 528)
Assembler:       Armasm.exe V5.06 update 5 (build 528)
Linker/Locator:  ArmLink.exe V5.06 update 5 (build 528)
Library Manager: ArmAr.exe V5.06 update 5 (build 528)
Hex Converter:   FromElf.exe V5.06 update 5 (build 528)
CPU DLL:         SARMCM3.DLL V5.42.0.0
Dialog DLL:      DCM.DLL V1.17.5.0
Target DLL:      STLink\ST-LINKIII-KEIL_SWO.dll V3.3.0.0
Dialog DLL:      TCM.DLL V1.56.6.0
 
<h2>Project:</h2>
D:\STM32\Test\MX\Table Clock\MDK-ARM\Table Clock.uvprojx
Project File Date:  09/15/2025

<h2>Output:</h2>
*** Using Compiler 'V5.06 update 5 (build 528)', folder: 'C:\Keil_v5\ARM\ARMCC\Bin'
Build target 'Table Clock'
compiling page_main_menu.c...
../Hardware/input.h(88): warning:  #1-D: last line of file ends without a newline
  #endif /* __INPUT_H */
../Hardware/AHT20.h(52): warning:  #1-D: last line of file ends without a newline
  #endif /* __AHT20_H */
../Core/Inc/u8g2_stm32_hal.h(52): warning:  #1-D: last line of file ends without a newline
  #endif // U8G2_STM32_HAL_H
..\App\UI_pages\page_main_menu.c(203): warning:  #1-D: last line of file ends without a newline
  }
..\App\UI_pages\page_main_menu.c: 4 warnings, 0 errors
linking...
Program Size: Code=20326 RO-data=4758 RW-data=176 ZI-data=3104  
FromELF: creating hex file...
"Table Clock\Table Clock.axf" - 0 Error(s), 4 Warning(s).

<h2>Software Packages used:</h2>

Package Vendor: ARM
                https://www.keil.com/pack/ARM.CMSIS.6.2.0.pack
                ARM::CMSIS@6.2.0
                CMSIS (Common Microcontroller Software Interface Standard)
   * Component: CORE Version: 6.1.1

Package Vendor: Keil
                http://www.keil.com/pack/Keil.STM32F1xx_DFP.2.2.0.pack
                Keil::STM32F1xx_DFP@2.2.0
                STMicroelectronics STM32F1 Series Device Support, Drivers and Examples

<h2>Collection of Component include folders:</h2>
  ./RTE/_Table_Clock
  C:/Keil_v5/ARM/PACK/ARM/CMSIS/6.2.0/CMSIS/Core/Include
  C:/Keil_v5/ARM/PACK/Keil/STM32F1xx_DFP/2.2.0/Device/Include

<h2>Collection of Component Files used:</h2>

   * Component: ARM::CMSIS:CORE@6.1.1
      Include file:  CMSIS/Core/Include/tz_context.h
Build Time Elapsed:  00:00:02
</pre>
</body>
</html>
